Exception in thread "grpc-nio-worker-ELG-1-2" java.lang.NoClassDefFoundError: com/alibaba/nacos/shaded/io/grpc/netty/shaded/io/netty/util/concurrent/DefaultPromise$1
	at com.alibaba.nacos.shaded.io.grpc.netty.shaded.io.netty.util.concurrent.DefaultPromise.notifyListeners(DefaultPromise.java:500)
	at com.alibaba.nacos.shaded.io.grpc.netty.shaded.io.netty.util.concurrent.DefaultPromise.setValue0(DefaultPromise.java:636)
	at com.alibaba.nacos.shaded.io.grpc.netty.shaded.io.netty.util.concurrent.DefaultPromise.setSuccess0(DefaultPromise.java:625)
	at com.alibaba.nacos.shaded.io.grpc.netty.shaded.io.netty.util.concurrent.DefaultPromise.setSuccess(DefaultPromise.java:97)
	at com.alibaba.nacos.shaded.io.grpc.netty.shaded.io.netty.util.concurrent.SingleThreadEventExecutor$4.run(SingleThreadEventExecutor.java:1059)
	at com.alibaba.nacos.shaded.io.grpc.netty.shaded.io.netty.util.internal.ThreadExecutorMap$2.run(ThreadExecutorMap.java:74)
	at com.alibaba.nacos.shaded.io.grpc.netty.shaded.io.netty.util.concurrent.FastThreadLocalRunnable.run(FastThreadLocalRunnable.java:30)
	at java.base/java.lang.Thread.run(Thread.java:1583)
Caused by: java.lang.ClassNotFoundException: com.alibaba.nacos.shaded.io.grpc.netty.shaded.io.netty.util.concurrent.DefaultPromise$1
	at java.base/java.net.URLClassLoader.findClass(URLClassLoader.java:445)
	at java.base/java.lang.ClassLoader.loadClass(ClassLoader.java:593)
	at org.springframework.boot.loader.net.protocol.jar.JarUrlClassLoader.loadClass(JarUrlClassLoader.java:104)
	at org.springframework.boot.loader.launch.LaunchedClassLoader.loadClass(LaunchedClassLoader.java:91)
	at java.base/java.lang.ClassLoader.loadClass(ClassLoader.java:526)
	... 8 more
Exception in thread "AMQP Connection 127.0.0.1:5672" java.lang.NoClassDefFoundError: com/rabbitmq/client/impl/SocketFrameHandler$1
	at com.rabbitmq.client.impl.SocketFrameHandler.close(SocketFrameHandler.java:225)
	at com.rabbitmq.client.impl.AMQConnection.doFinalShutdown(AMQConnection.java:808)
	at com.rabbitmq.client.impl.AMQConnection$MainLoop.run(AMQConnection.java:700)
	at java.base/java.lang.Thread.run(Thread.java:1583)
Caused by: java.lang.ClassNotFoundException: com.rabbitmq.client.impl.SocketFrameHandler$1
	at java.base/java.net.URLClassLoader.findClass(URLClassLoader.java:445)
	at java.base/java.lang.ClassLoader.loadClass(ClassLoader.java:593)
	at org.springframework.boot.loader.net.protocol.jar.JarUrlClassLoader.loadClass(JarUrlClassLoader.java:104)
	at org.springframework.boot.loader.launch.LaunchedClassLoader.loadClass(LaunchedClassLoader.java:91)
	at java.base/java.lang.ClassLoader.loadClass(ClassLoader.java:526)
	... 4 more
Exception in thread "redisson-netty-1-13" java.lang.NoClassDefFoundError: io/netty/buffer/PoolArena$1
	at io.netty.buffer.PoolArena.freeChunk(PoolArena.java:259)
	at io.netty.buffer.PoolThreadCache$MemoryRegionCache.freeEntry(PoolThreadCache.java:437)
	at io.netty.buffer.PoolThreadCache$MemoryRegionCache.free(PoolThreadCache.java:401)
	at io.netty.buffer.PoolThreadCache$MemoryRegionCache.free(PoolThreadCache.java:393)
	at io.netty.buffer.PoolThreadCache.free(PoolThreadCache.java:259)
	at io.netty.buffer.PoolThreadCache.free(PoolThreadCache.java:250)
	at io.netty.buffer.PoolThreadCache.free(PoolThreadCache.java:208)
	at io.netty.buffer.PooledByteBufAllocator$PoolThreadLocalCache.onRemoval(PooledByteBufAllocator.java:543)
	at io.netty.buffer.PooledByteBufAllocator$PoolThreadLocalCache.onRemoval(PooledByteBufAllocator.java:504)
	at io.netty.util.concurrent.FastThreadLocal.remove(FastThreadLocal.java:259)
	at io.netty.util.concurrent.FastThreadLocal.removeAll(FastThreadLocal.java:67)
	at io.netty.util.concurrent.SingleThreadEventExecutor$4.run(SingleThreadEventExecutor.java:1050)
	at io.netty.util.internal.ThreadExecutorMap$2.run(ThreadExecutorMap.java:74)
	at io.netty.util.concurrent.FastThreadLocalRunnable.run(FastThreadLocalRunnable.java:30)
	at java.base/java.lang.Thread.run(Thread.java:1583)
Caused by: java.lang.ClassNotFoundException: io.netty.buffer.PoolArena$1
	at java.base/java.net.URLClassLoader.findClass(URLClassLoader.java:445)
	at java.base/java.lang.ClassLoader.loadClass(ClassLoader.java:593)
	at org.springframework.boot.loader.net.protocol.jar.JarUrlClassLoader.loadClass(JarUrlClassLoader.java:104)
	at org.springframework.boot.loader.launch.LaunchedClassLoader.loadClass(LaunchedClassLoader.java:91)
	at java.base/java.lang.ClassLoader.loadClass(ClassLoader.java:526)
	... 15 more
Exception in thread "redisson-netty-1-21" java.lang.NoClassDefFoundError: io/netty/buffer/PoolArena$1
	at io.netty.buffer.PoolArena.freeChunk(PoolArena.java:259)
	at io.netty.buffer.PoolThreadCache$MemoryRegionCache.freeEntry(PoolThreadCache.java:437)
	at io.netty.buffer.PoolThreadCache$MemoryRegionCache.free(PoolThreadCache.java:401)
	at io.netty.buffer.PoolThreadCache$MemoryRegionCache.free(PoolThreadCache.java:393)
	at io.netty.buffer.PoolThreadCache.free(PoolThreadCache.java:259)
	at io.netty.buffer.PoolThreadCache.free(PoolThreadCache.java:250)
	at io.netty.buffer.PoolThreadCache.free(PoolThreadCache.java:208)
	at io.netty.buffer.PooledByteBufAllocator$PoolThreadLocalCache.onRemoval(PooledByteBufAllocator.java:543)
	at io.netty.buffer.PooledByteBufAllocator$PoolThreadLocalCache.onRemoval(PooledByteBufAllocator.java:504)
	at io.netty.util.concurrent.FastThreadLocal.remove(FastThreadLocal.java:259)
	at io.netty.util.concurrent.FastThreadLocal.removeAll(FastThreadLocal.java:67)
	at io.netty.util.concurrent.SingleThreadEventExecutor$4.run(SingleThreadEventExecutor.java:1050)
	at io.netty.util.internal.ThreadExecutorMap$2.run(ThreadExecutorMap.java:74)
	at io.netty.util.concurrent.FastThreadLocalRunnable.run(FastThreadLocalRunnable.java:30)
	at java.base/java.lang.Thread.run(Thread.java:1583)
Caused by: java.lang.ClassNotFoundException: io.netty.buffer.PoolArena$1
	... 15 more
Exception in thread "redisson-netty-1-15" java.lang.NoClassDefFoundError: io/netty/buffer/PoolArena$1
	at io.netty.buffer.PoolArena.freeChunk(PoolArena.java:259)
	at io.netty.buffer.PoolThreadCache$MemoryRegionCache.freeEntry(PoolThreadCache.java:437)
	at io.netty.buffer.PoolThreadCache$MemoryRegionCache.free(PoolThreadCache.java:401)
	at io.netty.buffer.PoolThreadCache$MemoryRegionCache.free(PoolThreadCache.java:393)
	at io.netty.buffer.PoolThreadCache.free(PoolThreadCache.java:259)
	at io.netty.buffer.PoolThreadCache.free(PoolThreadCache.java:250)
	at io.netty.buffer.PoolThreadCache.free(PoolThreadCache.java:208)
	at io.netty.buffer.PooledByteBufAllocator$PoolThreadLocalCache.onRemoval(PooledByteBufAllocator.java:543)
	at io.netty.buffer.PooledByteBufAllocator$PoolThreadLocalCache.onRemoval(PooledByteBufAllocator.java:504)
	at io.netty.util.concurrent.FastThreadLocal.remove(FastThreadLocal.java:259)
	at io.netty.util.concurrent.FastThreadLocal.removeAll(FastThreadLocal.java:67)
	at io.netty.util.concurrent.SingleThreadEventExecutor$4.run(SingleThreadEventExecutor.java:1050)
	at io.netty.util.internal.ThreadExecutorMap$2.run(ThreadExecutorMap.java:74)
	at io.netty.util.concurrent.FastThreadLocalRunnable.run(FastThreadLocalRunnable.java:30)
	at java.base/java.lang.Thread.run(Thread.java:1583)
Caused by: java.lang.ClassNotFoundException: io.netty.buffer.PoolArena$1
	... 15 more
Exception in thread "redisson-netty-1-29" java.lang.NoClassDefFoundError: io/netty/buffer/PoolArena$1
	at io.netty.buffer.PoolArena.freeChunk(PoolArena.java:259)
	at io.netty.buffer.PoolThreadCache$MemoryRegionCache.freeEntry(PoolThreadCache.java:437)
	at io.netty.buffer.PoolThreadCache$MemoryRegionCache.free(PoolThreadCache.java:401)
	at io.netty.buffer.PoolThreadCache$MemoryRegionCache.free(PoolThreadCache.java:393)
	at io.netty.buffer.PoolThreadCache.free(PoolThreadCache.java:259)
	at io.netty.buffer.PoolThreadCache.free(PoolThreadCache.java:250)
	at io.netty.buffer.PoolThreadCache.free(PoolThreadCache.java:208)
	at io.netty.buffer.PooledByteBufAllocator$PoolThreadLocalCache.onRemoval(PooledByteBufAllocator.java:543)
	at io.netty.buffer.PooledByteBufAllocator$PoolThreadLocalCache.onRemoval(PooledByteBufAllocator.java:504)
	at io.netty.util.concurrent.FastThreadLocal.remove(FastThreadLocal.java:259)
	at io.netty.util.concurrent.FastThreadLocal.removeAll(FastThreadLocal.java:67)
	at io.netty.util.concurrent.SingleThreadEventExecutor$4.run(SingleThreadEventExecutor.java:1050)
	at io.netty.util.internal.ThreadExecutorMap$2.run(ThreadExecutorMap.java:74)
	at io.netty.util.concurrent.FastThreadLocalRunnable.run(FastThreadLocalRunnable.java:30)
	at java.base/java.lang.Thread.run(Thread.java:1583)
Caused by: java.lang.ClassNotFoundException: io.netty.buffer.PoolArena$1
	... 15 more
Exception in thread "redisson-netty-1-5" java.lang.NoClassDefFoundError: io/netty/buffer/PoolArena$1
	at io.netty.buffer.PoolArena.freeChunk(PoolArena.java:259)
	at io.netty.buffer.PoolThreadCache$MemoryRegionCache.freeEntry(PoolThreadCache.java:437)
	at io.netty.buffer.PoolThreadCache$MemoryRegionCache.free(PoolThreadCache.java:401)
	at io.netty.buffer.PoolThreadCache$MemoryRegionCache.free(PoolThreadCache.java:393)
	at io.netty.buffer.PoolThreadCache.free(PoolThreadCache.java:259)
	at io.netty.buffer.PoolThreadCache.free(PoolThreadCache.java:250)
	at io.netty.buffer.PoolThreadCache.free(PoolThreadCache.java:208)
	at io.netty.buffer.PooledByteBufAllocator$PoolThreadLocalCache.onRemoval(PooledByteBufAllocator.java:543)
	at io.netty.buffer.PooledByteBufAllocator$PoolThreadLocalCache.onRemoval(PooledByteBufAllocator.java:504)
	at io.netty.util.concurrent.FastThreadLocal.remove(FastThreadLocal.java:259)
	at io.netty.util.concurrent.FastThreadLocal.removeAll(FastThreadLocal.java:67)
	at io.netty.util.concurrent.SingleThreadEventExecutor$4.run(SingleThreadEventExecutor.java:1050)
	at io.netty.util.internal.ThreadExecutorMap$2.run(ThreadExecutorMap.java:74)
	at io.netty.util.concurrent.FastThreadLocalRunnable.run(FastThreadLocalRunnable.java:30)
	at java.base/java.lang.Thread.run(Thread.java:1583)
Caused by: java.lang.ClassNotFoundException: io.netty.buffer.PoolArena$1
	... 15 more
Exception in thread "redisson-netty-1-27" java.lang.NoClassDefFoundError: io/netty/buffer/PoolArena$1
	at io.netty.buffer.PoolArena.freeChunk(PoolArena.java:259)
	at io.netty.buffer.PoolThreadCache$MemoryRegionCache.freeEntry(PoolThreadCache.java:437)
	at io.netty.buffer.PoolThreadCache$MemoryRegionCache.free(PoolThreadCache.java:401)
	at io.netty.buffer.PoolThreadCache$MemoryRegionCache.free(PoolThreadCache.java:393)
	at io.netty.buffer.PoolThreadCache.free(PoolThreadCache.java:259)
	at io.netty.buffer.PoolThreadCache.free(PoolThreadCache.java:250)
	at io.netty.buffer.PoolThreadCache.free(PoolThreadCache.java:208)
	at io.netty.buffer.PooledByteBufAllocator$PoolThreadLocalCache.onRemoval(PooledByteBufAllocator.java:543)
	at io.netty.buffer.PooledByteBufAllocator$PoolThreadLocalCache.onRemoval(PooledByteBufAllocator.java:504)
	at io.netty.util.concurrent.FastThreadLocal.remove(FastThreadLocal.java:259)
	at io.netty.util.concurrent.FastThreadLocal.removeAll(FastThreadLocal.java:67)
	at io.netty.util.concurrent.SingleThreadEventExecutor$4.run(SingleThreadEventExecutor.java:1050)
	at io.netty.util.internal.ThreadExecutorMap$2.run(ThreadExecutorMap.java:74)
	at io.netty.util.concurrent.FastThreadLocalRunnable.run(FastThreadLocalRunnable.java:30)
	at java.base/java.lang.Thread.run(Thread.java:1583)
Caused by: java.lang.ClassNotFoundException: io.netty.buffer.PoolArena$1
	... 15 more
Exception in thread "redisson-netty-1-7" java.lang.NoClassDefFoundError: io/netty/buffer/PoolArena$1
	at io.netty.buffer.PoolArena.freeChunk(PoolArena.java:259)
	at io.netty.buffer.PoolThreadCache$MemoryRegionCache.freeEntry(PoolThreadCache.java:437)
	at io.netty.buffer.PoolThreadCache$MemoryRegionCache.free(PoolThreadCache.java:401)
	at io.netty.buffer.PoolThreadCache$MemoryRegionCache.free(PoolThreadCache.java:393)
	at io.netty.buffer.PoolThreadCache.free(PoolThreadCache.java:259)
	at io.netty.buffer.PoolThreadCache.free(PoolThreadCache.java:250)
	at io.netty.buffer.PoolThreadCache.free(PoolThreadCache.java:208)
	at io.netty.buffer.PooledByteBufAllocator$PoolThreadLocalCache.onRemoval(PooledByteBufAllocator.java:543)
	at io.netty.buffer.PooledByteBufAllocator$PoolThreadLocalCache.onRemoval(PooledByteBufAllocator.java:504)
	at io.netty.util.concurrent.FastThreadLocal.remove(FastThreadLocal.java:259)
	at io.netty.util.concurrent.FastThreadLocal.removeAll(FastThreadLocal.java:67)
	at io.netty.util.concurrent.SingleThreadEventExecutor$4.run(SingleThreadEventExecutor.java:1050)
	at io.netty.util.internal.ThreadExecutorMap$2.run(ThreadExecutorMap.java:74)
	at io.netty.util.concurrent.FastThreadLocalRunnable.run(FastThreadLocalRunnable.java:30)
	at java.base/java.lang.Thread.run(Thread.java:1583)
Caused by: java.lang.ClassNotFoundException: io.netty.buffer.PoolArena$1
	... 15 more
Exception in thread "redisson-netty-1-3" java.lang.NoClassDefFoundError: io/netty/buffer/PoolArena$1
	at io.netty.buffer.PoolArena.freeChunk(PoolArena.java:259)
	at io.netty.buffer.PoolThreadCache$MemoryRegionCache.freeEntry(PoolThreadCache.java:437)
	at io.netty.buffer.PoolThreadCache$MemoryRegionCache.free(PoolThreadCache.java:401)
	at io.netty.buffer.PoolThreadCache$MemoryRegionCache.free(PoolThreadCache.java:393)
	at io.netty.buffer.PoolThreadCache.free(PoolThreadCache.java:259)
	at io.netty.buffer.PoolThreadCache.free(PoolThreadCache.java:250)
	at io.netty.buffer.PoolThreadCache.free(PoolThreadCache.java:208)
	at io.netty.buffer.PooledByteBufAllocator$PoolThreadLocalCache.onRemoval(PooledByteBufAllocator.java:543)
	at io.netty.buffer.PooledByteBufAllocator$PoolThreadLocalCache.onRemoval(PooledByteBufAllocator.java:504)
	at io.netty.util.concurrent.FastThreadLocal.remove(FastThreadLocal.java:259)
	at io.netty.util.concurrent.FastThreadLocal.removeAll(FastThreadLocal.java:67)
	at io.netty.util.concurrent.SingleThreadEventExecutor$4.run(SingleThreadEventExecutor.java:1050)
	at io.netty.util.internal.ThreadExecutorMap$2.run(ThreadExecutorMap.java:74)
	at io.netty.util.concurrent.FastThreadLocalRunnable.run(FastThreadLocalRunnable.java:30)
	at java.base/java.lang.Thread.run(Thread.java:1583)
Caused by: java.lang.ClassNotFoundException: io.netty.buffer.PoolArena$1
	... 15 more
Exception in thread "redisson-netty-1-11" java.lang.NoClassDefFoundError: io/netty/buffer/PoolArena$1
	at io.netty.buffer.PoolArena.freeChunk(PoolArena.java:259)
	at io.netty.buffer.PoolThreadCache$MemoryRegionCache.freeEntry(PoolThreadCache.java:437)
	at io.netty.buffer.PoolThreadCache$MemoryRegionCache.free(PoolThreadCache.java:401)
	at io.netty.buffer.PoolThreadCache$MemoryRegionCache.free(PoolThreadCache.java:393)
	at io.netty.buffer.PoolThreadCache.free(PoolThreadCache.java:259)
	at io.netty.buffer.PoolThreadCache.free(PoolThreadCache.java:250)
	at io.netty.buffer.PoolThreadCache.free(PoolThreadCache.java:208)
	at io.netty.buffer.PooledByteBufAllocator$PoolThreadLocalCache.onRemoval(PooledByteBufAllocator.java:543)
	at io.netty.buffer.PooledByteBufAllocator$PoolThreadLocalCache.onRemoval(PooledByteBufAllocator.java:504)
	at io.netty.util.concurrent.FastThreadLocal.remove(FastThreadLocal.java:259)
	at io.netty.util.concurrent.FastThreadLocal.removeAll(FastThreadLocal.java:67)
	at io.netty.util.concurrent.SingleThreadEventExecutor$4.run(SingleThreadEventExecutor.java:1050)
	at io.netty.util.internal.ThreadExecutorMap$2.run(ThreadExecutorMap.java:74)
	at io.netty.util.concurrent.FastThreadLocalRunnable.run(FastThreadLocalRunnable.java:30)
	at java.base/java.lang.Thread.run(Thread.java:1583)
Caused by: java.lang.ClassNotFoundException: io.netty.buffer.PoolArena$1
	... 15 more
Exception in thread "redisson-netty-1-9" java.lang.NoClassDefFoundError: io/netty/buffer/PoolArena$1
	at io.netty.buffer.PoolArena.freeChunk(PoolArena.java:259)
	at io.netty.buffer.PoolThreadCache$MemoryRegionCache.freeEntry(PoolThreadCache.java:437)
	at io.netty.buffer.PoolThreadCache$MemoryRegionCache.free(PoolThreadCache.java:401)
	at io.netty.buffer.PoolThreadCache$MemoryRegionCache.free(PoolThreadCache.java:393)
	at io.netty.buffer.PoolThreadCache.free(PoolThreadCache.java:259)
	at io.netty.buffer.PoolThreadCache.free(PoolThreadCache.java:250)
	at io.netty.buffer.PoolThreadCache.free(PoolThreadCache.java:208)
	at io.netty.buffer.PooledByteBufAllocator$PoolThreadLocalCache.onRemoval(PooledByteBufAllocator.java:543)
	at io.netty.buffer.PooledByteBufAllocator$PoolThreadLocalCache.onRemoval(PooledByteBufAllocator.java:504)
	at io.netty.util.concurrent.FastThreadLocal.remove(FastThreadLocal.java:259)
	at io.netty.util.concurrent.FastThreadLocal.removeAll(FastThreadLocal.java:67)
	at io.netty.util.concurrent.SingleThreadEventExecutor$4.run(SingleThreadEventExecutor.java:1050)
	at io.netty.util.internal.ThreadExecutorMap$2.run(ThreadExecutorMap.java:74)
	at io.netty.util.concurrent.FastThreadLocalRunnable.run(FastThreadLocalRunnable.java:30)
	at java.base/java.lang.Thread.run(Thread.java:1583)
Caused by: java.lang.ClassNotFoundException: io.netty.buffer.PoolArena$1
	... 15 more
Exception in thread "redisson-netty-1-25" java.lang.NoClassDefFoundError: io/netty/buffer/PoolArena$1
	at io.netty.buffer.PoolArena.freeChunk(PoolArena.java:259)
	at io.netty.buffer.PoolThreadCache$MemoryRegionCache.freeEntry(PoolThreadCache.java:437)
	at io.netty.buffer.PoolThreadCache$MemoryRegionCache.free(PoolThreadCache.java:401)
	at io.netty.buffer.PoolThreadCache$MemoryRegionCache.free(PoolThreadCache.java:393)
	at io.netty.buffer.PoolThreadCache.free(PoolThreadCache.java:259)
	at io.netty.buffer.PoolThreadCache.free(PoolThreadCache.java:250)
	at io.netty.buffer.PoolThreadCache.free(PoolThreadCache.java:208)
	at io.netty.buffer.PooledByteBufAllocator$PoolThreadLocalCache.onRemoval(PooledByteBufAllocator.java:543)
	at io.netty.buffer.PooledByteBufAllocator$PoolThreadLocalCache.onRemoval(PooledByteBufAllocator.java:504)
	at io.netty.util.concurrent.FastThreadLocal.remove(FastThreadLocal.java:259)
	at io.netty.util.concurrent.FastThreadLocal.removeAll(FastThreadLocal.java:67)
	at io.netty.util.concurrent.SingleThreadEventExecutor$4.run(SingleThreadEventExecutor.java:1050)
	at io.netty.util.internal.ThreadExecutorMap$2.run(ThreadExecutorMap.java:74)
	at io.netty.util.concurrent.FastThreadLocalRunnable.run(FastThreadLocalRunnable.java:30)
	at java.base/java.lang.Thread.run(Thread.java:1583)
Caused by: java.lang.ClassNotFoundException: io.netty.buffer.PoolArena$1
	... 15 more
Exception in thread "redisson-netty-1-31" Exception in thread "redisson-netty-1-17" java.lang.NoClassDefFoundError: io/netty/buffer/PoolArena$1
	at io.netty.buffer.PoolArena.freeChunk(PoolArena.java:259)
	at io.netty.buffer.PoolThreadCache$MemoryRegionCache.freeEntry(PoolThreadCache.java:437)
	at io.netty.buffer.PoolThreadCache$MemoryRegionCache.free(PoolThreadCache.java:401)
	at io.netty.buffer.PoolThreadCache$MemoryRegionCache.free(PoolThreadCache.java:393)
	at io.netty.buffer.PoolThreadCache.free(PoolThreadCache.java:259)
	at io.netty.buffer.PoolThreadCache.free(PoolThreadCache.java:250)
	at io.netty.buffer.PoolThreadCache.free(PoolThreadCache.java:208)
	at io.netty.buffer.PooledByteBufAllocator$PoolThreadLocalCache.onRemoval(PooledByteBufAllocator.java:543)
	at io.netty.buffer.PooledByteBufAllocator$PoolThreadLocalCache.onRemoval(PooledByteBufAllocator.java:504)
	at io.netty.util.concurrent.FastThreadLocal.remove(FastThreadLocal.java:259)
	at io.netty.util.concurrent.FastThreadLocal.removeAll(FastThreadLocal.java:67)
	at io.netty.util.concurrent.SingleThreadEventExecutor$4.run(SingleThreadEventExecutor.java:1050)
	at io.netty.util.internal.ThreadExecutorMap$2.run(ThreadExecutorMap.java:74)
	at io.netty.util.concurrent.FastThreadLocalRunnable.run(FastThreadLocalRunnable.java:30)
	at java.base/java.lang.Thread.run(Thread.java:1583)
Caused by: java.lang.ClassNotFoundException: io.netty.buffer.PoolArena$1
	... 15 more
Exception in thread "redisson-netty-1-19" java.lang.NoClassDefFoundError: io/netty/buffer/PoolArena$1
	at io.netty.buffer.PoolArena.freeChunk(PoolArena.java:259)
	at io.netty.buffer.PoolThreadCache$MemoryRegionCache.freeEntry(PoolThreadCache.java:437)
	at io.netty.buffer.PoolThreadCache$MemoryRegionCache.free(PoolThreadCache.java:401)
	at io.netty.buffer.PoolThreadCache$MemoryRegionCache.free(PoolThreadCache.java:393)
	at io.netty.buffer.PoolThreadCache.free(PoolThreadCache.java:259)
	at io.netty.buffer.PoolThreadCache.free(PoolThreadCache.java:250)
	at io.netty.buffer.PoolThreadCache.free(PoolThreadCache.java:208)
	at io.netty.buffer.PooledByteBufAllocator$PoolThreadLocalCache.onRemoval(PooledByteBufAllocator.java:543)
	at io.netty.buffer.PooledByteBufAllocator$PoolThreadLocalCache.onRemoval(PooledByteBufAllocator.java:504)
	at io.netty.util.concurrent.FastThreadLocal.remove(FastThreadLocal.java:259)
	at io.netty.util.concurrent.FastThreadLocal.removeAll(FastThreadLocal.java:67)
	at io.netty.util.concurrent.SingleThreadEventExecutor$4.run(SingleThreadEventExecutor.java:1050)
	at io.netty.util.internal.ThreadExecutorMap$2.run(ThreadExecutorMap.java:74)
	at io.netty.util.concurrent.FastThreadLocalRunnable.run(FastThreadLocalRunnable.java:30)
	at java.base/java.lang.Thread.run(Thread.java:1583)
Caused by: java.lang.ClassNotFoundException: io.netty.buffer.PoolArena$1
	... 15 more
Exception in thread "redisson-netty-1-23" java.lang.NoClassDefFoundError: io/netty/buffer/PoolArena$1
	at io.netty.buffer.PoolArena.freeChunk(PoolArena.java:259)
	at io.netty.buffer.PoolThreadCache$MemoryRegionCache.freeEntry(PoolThreadCache.java:437)
	at io.netty.buffer.PoolThreadCache$MemoryRegionCache.free(PoolThreadCache.java:401)
	at io.netty.buffer.PoolThreadCache$MemoryRegionCache.free(PoolThreadCache.java:393)
	at io.netty.buffer.PoolThreadCache.free(PoolThreadCache.java:259)
	at io.netty.buffer.PoolThreadCache.free(PoolThreadCache.java:250)
	at io.netty.buffer.PoolThreadCache.free(PoolThreadCache.java:208)
	at io.netty.buffer.PooledByteBufAllocator$PoolThreadLocalCache.onRemoval(PooledByteBufAllocator.java:543)
	at io.netty.buffer.PooledByteBufAllocator$PoolThreadLocalCache.onRemoval(PooledByteBufAllocator.java:504)
	at io.netty.util.concurrent.FastThreadLocal.remove(FastThreadLocal.java:259)
	at io.netty.util.concurrent.FastThreadLocal.removeAll(FastThreadLocal.java:67)
	at io.netty.util.concurrent.SingleThreadEventExecutor$4.run(SingleThreadEventExecutor.java:1050)
	at io.netty.util.internal.ThreadExecutorMap$2.run(ThreadExecutorMap.java:74)
	at io.netty.util.concurrent.FastThreadLocalRunnable.run(FastThreadLocalRunnable.java:30)
	at java.base/java.lang.Thread.run(Thread.java:1583)
Caused by: java.lang.ClassNotFoundException: io.netty.buffer.PoolArena$1
	... 15 more
Exception in thread "redisson-netty-1-32" java.lang.NoClassDefFoundError: io/netty/buffer/PoolArena$1
	at io.netty.buffer.PoolArena.freeChunk(PoolArena.java:259)
	at io.netty.buffer.PoolThreadCache$MemoryRegionCache.freeEntry(PoolThreadCache.java:437)
	at io.netty.buffer.PoolThreadCache$MemoryRegionCache.free(PoolThreadCache.java:401)
	at io.netty.buffer.PoolThreadCache$MemoryRegionCache.free(PoolThreadCache.java:393)
	at io.netty.buffer.PoolThreadCache.free(PoolThreadCache.java:259)
	at io.netty.buffer.PoolThreadCache.free(PoolThreadCache.java:250)
	at io.netty.buffer.PoolThreadCache.free(PoolThreadCache.java:208)
	at io.netty.buffer.PooledByteBufAllocator$PoolThreadLocalCache.onRemoval(PooledByteBufAllocator.java:543)
	at io.netty.buffer.PooledByteBufAllocator$PoolThreadLocalCache.onRemoval(PooledByteBufAllocator.java:504)
	at io.netty.util.concurrent.FastThreadLocal.remove(FastThreadLocal.java:259)
	at io.netty.util.concurrent.FastThreadLocal.removeAll(FastThreadLocal.java:67)
	at io.netty.util.concurrent.SingleThreadEventExecutor$4.run(SingleThreadEventExecutor.java:1050)
	at io.netty.util.internal.ThreadExecutorMap$2.run(ThreadExecutorMap.java:74)
	at io.netty.util.concurrent.FastThreadLocalRunnable.run(FastThreadLocalRunnable.java:30)
	at java.base/java.lang.Thread.run(Thread.java:1583)
Caused by: java.lang.ClassNotFoundException: io.netty.buffer.PoolArena$1
	... 15 more
Exception in thread "redisson-netty-1-4" java.lang.NoClassDefFoundError: io/netty/buffer/PoolArena$1
	at io.netty.buffer.PoolArena.freeChunk(PoolArena.java:259)
	at io.netty.buffer.PoolThreadCache$MemoryRegionCache.freeEntry(PoolThreadCache.java:437)
	at io.netty.buffer.PoolThreadCache$MemoryRegionCache.free(PoolThreadCache.java:401)
	at io.netty.buffer.PoolThreadCache$MemoryRegionCache.free(PoolThreadCache.java:393)
	at io.netty.buffer.PoolThreadCache.free(PoolThreadCache.java:259)
	at io.netty.buffer.PoolThreadCache.free(PoolThreadCache.java:250)
	at io.netty.buffer.PoolThreadCache.free(PoolThreadCache.java:208)
	at io.netty.buffer.PooledByteBufAllocator$PoolThreadLocalCache.onRemoval(PooledByteBufAllocator.java:543)
	at io.netty.buffer.PooledByteBufAllocator$PoolThreadLocalCache.onRemoval(PooledByteBufAllocator.java:504)
	at io.netty.util.concurrent.FastThreadLocal.remove(FastThreadLocal.java:259)
	at io.netty.util.concurrent.FastThreadLocal.removeAll(FastThreadLocal.java:67)
	at io.netty.util.concurrent.SingleThreadEventExecutor$4.run(SingleThreadEventExecutor.java:1050)
	at io.netty.util.internal.ThreadExecutorMap$2.run(ThreadExecutorMap.java:74)
	at io.netty.util.concurrent.FastThreadLocalRunnable.run(FastThreadLocalRunnable.java:30)
	at java.base/java.lang.Thread.run(Thread.java:1583)
Caused by: java.lang.ClassNotFoundException: io.netty.buffer.PoolArena$1
	... 15 more
java.lang.NoClassDefFoundError: io/netty/buffer/PoolArena$1
	at io.netty.buffer.PoolArena.freeChunk(PoolArena.java:259)
	at io.netty.buffer.PoolThreadCache$MemoryRegionCache.freeEntry(PoolThreadCache.java:437)
	at io.netty.buffer.PoolThreadCache$MemoryRegionCache.free(PoolThreadCache.java:401)
	at io.netty.buffer.PoolThreadCache$MemoryRegionCache.free(PoolThreadCache.java:393)
	at io.netty.buffer.PoolThreadCache.free(PoolThreadCache.java:259)
	at io.netty.buffer.PoolThreadCache.free(PoolThreadCache.java:250)
	at io.netty.buffer.PoolThreadCache.free(PoolThreadCache.java:208)
	at io.netty.buffer.PooledByteBufAllocator$PoolThreadLocalCache.onRemoval(PooledByteBufAllocator.java:543)
	at io.netty.buffer.PooledByteBufAllocator$PoolThreadLocalCache.onRemoval(PooledByteBufAllocator.java:504)
	at io.netty.util.concurrent.FastThreadLocal.remove(FastThreadLocal.java:259)
	at io.netty.util.concurrent.FastThreadLocal.removeAll(FastThreadLocal.java:67)
	at io.netty.util.concurrent.SingleThreadEventExecutor$4.run(SingleThreadEventExecutor.java:1050)
	at io.netty.util.internal.ThreadExecutorMap$2.run(ThreadExecutorMap.java:74)
	at io.netty.util.concurrent.FastThreadLocalRunnable.run(FastThreadLocalRunnable.java:30)
	at java.base/java.lang.Thread.run(Thread.java:1583)
Caused by: java.lang.ClassNotFoundException: io.netty.buffer.PoolArena$1
	... 15 more
Exception in thread "redisson-timer-4-1" java.lang.NoClassDefFoundError: ch/qos/logback/classic/spi/ThrowableProxy
	at ch.qos.logback.classic.spi.LoggingEvent.<init>(LoggingEvent.java:143)
	at ch.qos.logback.classic.Logger.buildLoggingEventAndAppend(Logger.java:424)
	at ch.qos.logback.classic.Logger.filterAndLog_0_Or3Plus(Logger.java:386)
	at ch.qos.logback.classic.Logger.log(Logger.java:780)
	at io.netty.util.internal.logging.LocationAwareSlf4JLogger.log(LocationAwareSlf4JLogger.java:46)
	at io.netty.util.internal.logging.LocationAwareSlf4JLogger.warn(LocationAwareSlf4JLogger.java:209)
	at io.netty.util.HashedWheelTimer$HashedWheelTimeout.expire(HashedWheelTimer.java:697)
	at io.netty.util.HashedWheelTimer$HashedWheelBucket.expireTimeouts(HashedWheelTimer.java:781)
	at io.netty.util.HashedWheelTimer$Worker.run(HashedWheelTimer.java:494)
	at io.netty.util.concurrent.FastThreadLocalRunnable.run(FastThreadLocalRunnable.java:30)
	at java.base/java.lang.Thread.run(Thread.java:1583)
Caused by: java.lang.ClassNotFoundException: ch.qos.logback.classic.spi.ThrowableProxy
	... 11 more
